Good
Good
Hello world!
Standard ML
foo,bar,baz
\u3042
implode\uD83D\uDE00
x.y.z.\u3042
H3110 w0r1d!
|-|3||o vvor|d!
