aaa|XbbbbXccc
aaaXbbbbX|ccc
bar
foo
f,o,o,X,X,b,X,a,r,X
[F][O][O][X][X][B][X][A][R][X]
foo,b,ar
foo,,b,ar,
